// Jest Snapshot v1, https://goo.gl/fbAQLP

exports[`renders landing page footer 1`] = `
<DocumentFragment>
  <footer
    class="footer"
  >
    <section
      class="footer_main"
    >
      <svg
        class="footer_main_logo"
      >
        manual-logo.svg
      </svg>
      <nav
        class="footer_main_nav"
      >
        <div
          class="footer_main_nav_group"
        >
          <header
            class="footer_main_nav_group_header"
          >
            <h5
              class="footer_main_nav_group_header_title"
            >
              PRODUCT
            </h5>
          </header>
          <ul
            class="footer_main_nav_group_list"
          >
            <li
              class="footer_main_nav_group_list_item"
            >
              <a
                href="/"
              >
                Popular
              </a>
            </li>
            <li
              class="footer_main_nav_group_list_item"
            >
              <a
                href="/"
              >
                Trending
              </a>
            </li>
            <li
              class="footer_main_nav_group_list_item"
            >
              <a
                href="/"
              >
                Guided
              </a>
            </li>
            <li
              class="footer_main_nav_group_list_item"
            >
              <a
                href="/"
              >
                Products
              </a>
            </li>
          </ul>
        </div>
        <div
          class="footer_main_nav_group"
        >
          <header
            class="footer_main_nav_group_header"
          >
            <h5
              class="footer_main_nav_group_header_title"
            >
              Company
            </h5>
          </header>
          <ul
            class="footer_main_nav_group_list"
          >
            <li
              class="footer_main_nav_group_list_item"
            >
              <a
                href="/"
              >
                Press Releases
              </a>
            </li>
            <li
              class="footer_main_nav_group_list_item"
            >
              <a
                href="/"
              >
                Mission
              </a>
            </li>
            <li
              class="footer_main_nav_group_list_item"
            >
              <a
                href="/"
              >
                Strategy
              </a>
            </li>
            <li
              class="footer_main_nav_group_list_item"
            >
              <a
                href="/"
              >
                About
              </a>
            </li>
          </ul>
        </div>
        <div
          class="footer_main_nav_group"
        >
          <header
            class="footer_main_nav_group_header"
          >
            <h5
              class="footer_main_nav_group_header_title"
            >
              INFO
            </h5>
          </header>
          <ul
            class="footer_main_nav_group_list"
          >
            <li
              class="footer_main_nav_group_list_item"
            >
              <a
                href="/"
              >
                Support
              </a>
            </li>
            <li
              class="footer_main_nav_group_list_item"
            >
              <a
                href="/"
              >
                Customer Service
              </a>
            </li>
            <li
              class="footer_main_nav_group_list_item"
            >
              <a
                href="/"
              >
                Get Started Guide
              </a>
            </li>
          </ul>
        </div>
        <div
          class="footer_main_nav_group"
        >
          <header
            class="footer_main_nav_group_header"
          >
            <h5
              class="footer_main_nav_group_header_title"
            >
              Follow us
            </h5>
          </header>
          <ul
            class="footer_main_nav_group_icons"
          >
            <li
              class="footer_main_nav_group_icons_icon"
            >
              <a
                href="/"
              >
                <svg>
                  facebook.svg
                </svg>
              </a>
            </li>
            <li
              class="footer_main_nav_group_icons_icon"
            >
              <a
                href="/"
              >
                <svg>
                  twitter.svg
                </svg>
              </a>
            </li>
            <li
              class="footer_main_nav_group_icons_icon"
            >
              <a
                href="/"
              >
                <svg>
                  linkedin.svg
                </svg>
              </a>
            </li>
          </ul>
        </div>
      </nav>
    </section>
    <div
      class="footer_sub"
    >
      <hr />
      <p
        class="footer_sub_credits"
      >
        Â© 2019 Manual. All rights reserved.
      </p>
    </div>
  </footer>
</DocumentFragment>
`;
